loaded basic 500
loaded basic 1000
loaded basic 1500
loaded basic 2000
loaded basic 2500
built weighted momentum 500/2599
built weighted momentum 1000/2599
built weighted momentum 1500/2599
built weighted momentum 2000/2599
built weighted momentum 2500/2599
basic loaded returns=(2599, 2557); wmom=(2599, 2557)
factor periods 100/520
factor periods 200/520
factor periods 300/520
factor periods 400/520
factor periods 500/520
Traceback (most recent call last):
  File "/opt/hostedtoolcache/Python/3.12.13/x64/lib/python3.12/site-packages/pandas/core/indexes/base.py", line 3641, in get_loc
    return self._engine.get_loc(casted_key)
           ^^^^^^^^^^^^^^^^^^^^^^^^^^^^^^^^
  File "pandas/_libs/index.pyx", line 168, in pandas._libs.index.IndexEngine.get_loc
  File "pandas/_libs/index.pyx", line 176, in pandas._libs.index.IndexEngine.get_loc
  File "pandas/_libs/index.pyx", line 583, in pandas._libs.index.StringObjectEngine._check_type
KeyError: False

The above exception was the direct cause of the following exception:

Traceback (most recent call last):
  File "/home/runner/work/FactorTest/FactorTest/research/factor_regime_sol/run_factor_regime_sol_cached.py", line 12, in <module>
    r.main()
  File "/home/runner/work/FactorTest/FactorTest/research/factor_regime_sol/run_factor_regime_sol.py", line 376, in main
    write_summary(state_res, breadth_res, corr)
  File "/home/runner/work/FactorTest/FactorTest/research/factor_regime_sol/run_factor_regime_sol.py", line 352, in write_summary
    q = corr[corr.sample == "POST_2023_PLUS"]
        ~~~~^^^^^^^^^^^^^^^^^^^^^^^^^^^^^^^^^
  File "/opt/hostedtoolcache/Python/3.12.13/x64/lib/python3.12/site-packages/pandas/core/frame.py", line 4378, in __getitem__
    indexer = self.columns.get_loc(key)
              ^^^^^^^^^^^^^^^^^^^^^^^^^
  File "/opt/hostedtoolcache/Python/3.12.13/x64/lib/python3.12/site-packages/pandas/core/indexes/base.py", line 3648, in get_loc
    raise KeyError(key) from err
KeyError: False
